2018-05-11 16:21:09,658|INFO|An info message|/home/ssewilliam/ssewilliam/projects/python/Flask/test_logging.py:30
2018-05-11 16:21:09,665|WARNING|A warning message|/home/ssewilliam/ssewilliam/projects/python/Flask/test_logging.py:31
2018-05-11 16:21:09,672|ERROR|An error message|/home/ssewilliam/ssewilliam/projects/python/Flask/test_logging.py:32
2018-05-11 16:21:09,679|CRITICAL|A critical message|/home/ssewilliam/ssewilliam/projects/python/Flask/test_logging.py:33
2018-05-11 16:21:11,122|INFO|An info message|/home/ssewilliam/ssewilliam/projects/python/Flask/test_logging.py:30
2018-05-11 16:21:11,123|WARNING|A warning message|/home/ssewilliam/ssewilliam/projects/python/Flask/test_logging.py:31
2018-05-11 16:21:11,124|ERROR|An error message|/home/ssewilliam/ssewilliam/projects/python/Flask/test_logging.py:32
2018-05-11 16:21:11,126|CRITICAL|A critical message|/home/ssewilliam/ssewilliam/projects/python/Flask/test_logging.py:33
2018-05-11 16:21:32,524|INFO|An info message|/home/ssewilliam/ssewilliam/projects/python/Flask/test_logging.py:30
2018-05-11 16:21:32,526|WARNING|A warning message|/home/ssewilliam/ssewilliam/projects/python/Flask/test_logging.py:31
2018-05-11 16:21:32,528|ERROR|An error message|/home/ssewilliam/ssewilliam/projects/python/Flask/test_logging.py:32
2018-05-11 16:21:32,529|CRITICAL|A critical message|/home/ssewilliam/ssewilliam/projects/python/Flask/test_logging.py:33
2018-05-12 08:42:35,429|INFO|An info message|/home/ssewilliam/ssewilliam/projects/python/Flask/test_logging.py:30
2018-05-12 08:42:35,442|WARNING|A warning message|/home/ssewilliam/ssewilliam/projects/python/Flask/test_logging.py:31
2018-05-12 08:42:35,443|ERROR|An error message|/home/ssewilliam/ssewilliam/projects/python/Flask/test_logging.py:32
2018-05-12 08:42:35,444|CRITICAL|A critical message|/home/ssewilliam/ssewilliam/projects/python/Flask/test_logging.py:33
2018-05-12 08:59:55,777|INFO|An info message|/home/ssewilliam/ssewilliam/projects/python/Flask/test_logging.py:30
2018-05-12 08:59:55,800|WARNING|A warning message|/home/ssewilliam/ssewilliam/projects/python/Flask/test_logging.py:31
2018-05-12 08:59:55,800|ERROR|An error message|/home/ssewilliam/ssewilliam/projects/python/Flask/test_logging.py:32
2018-05-12 08:59:55,801|CRITICAL|A critical message|/home/ssewilliam/ssewilliam/projects/python/Flask/test_logging.py:33
